[amalfipizza.com.au/index.html]
[backblue.gif]
[fade.gif]
[index.html]
[d2ova09jg8x3xk.cloudfront.net/amalfipizza.com.au/rowville/images/favicon.png]
[amalfipizza.com.au/core/index.html]
[amalfipizza.com.au/images/startup.png]
[d2ova09jg8x3xk.cloudfront.net/amalfipizza.com.au/rowville/themes_oo.css]
[cdnjs.cloudflare.com/ajax/libs/select2/4.0.3/css/select2.min.css]
[cdn.jsdelivr.net/npm/@splidejs/splide@latest/dist/css/splide.min.css]
[cdn.jsdelivr.net/npm/@splidejs/splide@latest/dist/css/themes/splide-sea-green.min.css]
[ajax.googleapis.com/ajax/libs/jquery/1.11.3/jquery.min.js]
[amalfipizza.com.au/images/logo.png]
[maxcdn.bootstrapcdn.com/bootstrap/3.3.5/js/bootstrap.min.js]
[cdnjs.cloudflare.com/ajax/libs/select2/4.0.3/js/select2.min.js]
[cdnjs.cloudflare.com/ajax/libs/smoothscroll/1.4.10/SmoothScroll.js]
[www.google.com/recaptcha/api.js]
[www.google.com/recaptcha/api85f1.js]
[deliverit-online-resources-prd.s3.ap-southeast-2.amazonaws.com/templates/template4/js/jquery.validate-1.js]
[deliverit-online-resources-prd.s3.ap-southeast-2.amazonaws.com/templates/template4/js/class.js]
[deliverit-online-resources-prd.s3.ap-southeast-2.amazonaws.com/templates/template4/js/banner.js]
[deliverit-online-resources-prd.s3.ap-southeast-2.amazonaws.com/templates/template4/js/blazy.min.js]
[deliverit-online-resources-prd.s3.ap-southeast-2.amazonaws.com/templates/template4/js/bootstrap-modal-carousel.min.js]
[deliverit-online-resources-prd.s3.ap-southeast-2.amazonaws.com/templates/template4/js/bootstrap3-typeahead.js]
[deliverit-online-resources-prd.s3.ap-southeast-2.amazonaws.com/templates/template4/js/collapse.js]
[deliverit-online-resources-prd.s3.ap-southeast-2.amazonaws.com/templates/template4/js/jquery.feedback_me.js]
[deliverit-online-resources-prd.s3.ap-southeast-2.amazonaws.com/templates/template4/js/jwt-decode.js]
[deliverit-online-resources-prd.s3.ap-southeast-2.amazonaws.com/templates/template4/js/offcanvas.js]
[deliverit-online-resources-prd.s3.ap-southeast-2.amazonaws.com/templates/template4/js/pnotify.custom.min.js]
[deliverit-online-resources-prd.s3.ap-southeast-2.amazonaws.com/templates/template4/js/qrcode.js]
[deliverit-online-resources-prd.s3.ap-southeast-2.amazonaws.com/templates/template4/js/scrollspy.js]
[deliverit-online-resources-prd.s3.ap-southeast-2.amazonaws.com/templates/template4/js/smart-app-banner.js]
[deliverit-online-resources-prd.s3.ap-southeast-2.amazonaws.com/templates/template4/js/typeahead.bundle.min.js]
[ajax.googleapis.com/ajax/libs/jquery/1.6.2/jquery.min.js]
[cdn.jsdelivr.net/npm/@splidejs/splide@latest/dist/js/splide.min.js]
[deliverit-online-resources-prd.s3.ap-southeast-2.amazonaws.com/templates/template4/scripts/select2/dist/js/select2.min.js]
[deliverit-online-resources-prd.s3.ap-southeast-2.amazonaws.com/templates/template4/scripts/jquery.autocomplete.js]
[deliverit-online-resources-prd.s3.ap-southeast-2.amazonaws.com/templates/template4/scripts/jquery.impromtu.js]
[deliverit-online-resources-prd.s3.ap-southeast-2.amazonaws.com/templates/template4/scripts/jquery.timeout.interval.idle.js]
[deliverit-online-resources-prd.s3.ap-southeast-2.amazonaws.com/templates/template4/scripts/fancybox/jquery.fancybox-1.3.4.pack.js]
[www.google-analytics.com/analytics.js]
[amalfipizza.com.au/core/ajax/get_ip.html]
[amalfipizza.com.au/est-time-icon.2d.delayed]
[amalfipizza.com.au/est-time-icon-white.png]
[deliverit-online-resources-prd.s3.ap-southeast-2.amazonaws.com/templates/template4/img/pickup.png]
[deliverit-online-resources-prd.s3.ap-southeast-2.amazonaws.com/templates/template4/img/delivery.png]
[amalfipizza.com.au/api/getmenu.html]
[amalfipizza.com.au/window.location.href]
[deliverit-online-resources-prd.s3.ap-southeast-2.amazonaws.com/templates/template4/images/app_dl_play_store.png]
[amalfipizza.com.au/index8a5f.html]
[amalfipizza.com.au/index11bd.html]
[amalfipizza.com.au/index1b80.html]
[deliverit-online-resources-prd.s3.ap-southeast-2.amazonaws.com/templates/template4/images/app_dl_app_store.png]
[deliverit-online-resources-prd.s3.ap-southeast-2.amazonaws.com/templates/template4/img/phone-half.png]
[deliverit-online-resources-prd.s3.ap-southeast-2.amazonaws.com/templates/template4/img/facebook-square-brands.png]
[deliverit-online-resources-prd.s3.ap-southeast-2.amazonaws.com/templates/template4/img/user-circle-solid.png]
[amalfipizza.com.au/index2af7.html]
[deliverit-online-resources-prd.s3.ap-southeast-2.amazonaws.com/templates/template4/img/shopping-bag.png]
[deliverit-online-resources-prd.s3.ap-southeast-2.amazonaws.com/templates/template4/img/refer_friend.png]
[deliverit-online-resources-prd.s3.ap-southeast-2.amazonaws.com/templates/template4/img/loyalty-banner.png]
[deliverit-online-resources-prd.s3.ap-southeast-2.amazonaws.com/templates/template4/img/icon-check.png]
[amalfipizza.com.au/core/ajax/get_cart_totala54e.html]
[d2ova09jg8x3xk.cloudfront.net/amalfipizza.com.au/rowville/uploads/Amalfi_Deal_1.png]
[d2ova09jg8x3xk.cloudfront.net/amalfipizza.com.au/rowville/uploads/Amalfi_Margherita.png]
[d2ova09jg8x3xk.cloudfront.net/amalfipizza.com.au/rowville/uploads/Amalfi_Hawaiian.png]
[d2ova09jg8x3xk.cloudfront.net/amalfipizza.com.au/rowville/uploads/Amalfi_Aussie.png]
[d2ova09jg8x3xk.cloudfront.net/amalfipizza.com.au/rowville/uploads/Amalfi_Capricciosa.png]
[d2ova09jg8x3xk.cloudfront.net/amalfipizza.com.au/rowville/uploads/Amalfi_Hot_and_Spicy.png]
[d2ova09jg8x3xk.cloudfront.net/amalfipizza.com.au/rowville/uploads/Amalfi_Mexicana.png]
[d2ova09jg8x3xk.cloudfront.net/amalfipizza.com.au/rowville/uploads/Amalfi_Vegetarian.png]
[d2ova09jg8x3xk.cloudfront.net/amalfipizza.com.au/rowville/uploads/Amalfi_BBQ.png]
[d2ova09jg8x3xk.cloudfront.net/amalfipizza.com.au/rowville/uploads/Amalfi_Pepperoni.png]
[d2ova09jg8x3xk.cloudfront.net/amalfipizza.com.au/rowville/uploads/Amalfi_House_Special.png]
[d2ova09jg8x3xk.cloudfront.net/amalfipizza.com.au/rowville/uploads/Amalfi_Queenslander.png]
[d2ova09jg8x3xk.cloudfront.net/amalfipizza.com.au/rowville/uploads/Amalfi_Meat_Lovers.png]
[d2ova09jg8x3xk.cloudfront.net/amalfipizza.com.au/rowville/uploads/Amalfi_Marinara.png]
[d2ova09jg8x3xk.cloudfront.net/amalfipizza.com.au/rowville/uploads/Amalfi_BBQ_Chicken.png]
[d2ova09jg8x3xk.cloudfront.net/amalfipizza.com.au/rowville/uploads/Amalfi_Satay_Chicken.png]
[d2ova09jg8x3xk.cloudfront.net/amalfipizza.com.au/rowville/uploads/Amalfi_Bruschetta.png]
[d2ova09jg8x3xk.cloudfront.net/amalfipizza.com.au/rowville/uploads/Amalfi_Italiano.png]
[d2ova09jg8x3xk.cloudfront.net/amalfipizza.com.au/rowville/uploads/Amalfi_The_Lot.png]
[d2ova09jg8x3xk.cloudfront.net/amalfipizza.com.au/rowville/uploads/Amalfi_Peri_Peri_Chicken.png]
[d2ova09jg8x3xk.cloudfront.net/amalfipizza.com.au/rowville/uploads/Amalfi_Tandoori_Paneer.png]
[d2ova09jg8x3xk.cloudfront.net/amalfipizza.com.au/rowville/uploads/Amalfi_Peri_Peri_Paneer.png]
[d2ova09jg8x3xk.cloudfront.net/amalfipizza.com.au/rowville/uploads/Amalfi_Chicken_Supreme.png]
[d2ova09jg8x3xk.cloudfront.net/amalfipizza.com.au/rowville/uploads/Amalfi_Youre_The_Boss.png]
[d2ova09jg8x3xk.cloudfront.net/amalfipizza.com.au/rowville/uploads/Amalfi_Tandoori_Chicken.png]
[d2ova09jg8x3xk.cloudfront.net/amalfipizza.com.au/rowville/uploads/Amalfi_Rustica__V_.png]
[d2ova09jg8x3xk.cloudfront.net/amalfipizza.com.au/rowville/uploads/Amalfi_Mediterranean_Delight__V_.png]
[d2ova09jg8x3xk.cloudfront.net/amalfipizza.com.au/rowville/uploads/Amalfi_Super_Seafood.png]
[d2ova09jg8x3xk.cloudfront.net/amalfipizza.com.au/rowville/uploads/Amalfi_Souvlaki.png]
[d2ova09jg8x3xk.cloudfront.net/amalfipizza.com.au/rowville/uploads/Amalfi_The_Spaniard.png]
[d2ova09jg8x3xk.cloudfront.net/amalfipizza.com.au/rowville/uploads/Amalfi_Greco.png]
[d2ova09jg8x3xk.cloudfront.net/amalfipizza.com.au/rowville/uploads/Amalfi_Chimmichurri_Chicken.png]
[d2ova09jg8x3xk.cloudfront.net/amalfipizza.com.au/rowville/uploads/Amalfi_Nam_Jim_Veggie_Delight.png]
[d2ova09jg8x3xk.cloudfront.net/amalfipizza.com.au/rowville/uploads/Amalfi_1.25L_Bottle.png]
[d2ova09jg8x3xk.cloudfront.net/amalfipizza.com.au/rowville/uploads/Amalfi_Deal_2.png]
[d2ova09jg8x3xk.cloudfront.net/amalfipizza.com.au/rowville/uploads/Amalfi_Deal_3.png]
[d2ova09jg8x3xk.cloudfront.net/amalfipizza.com.au/rowville/uploads/Amalfi_Deal_4.png]
[d2ova09jg8x3xk.cloudfront.net/amalfipizza.com.au/rowville/uploads/Amalfi_Deal_5.png]
[d2ova09jg8x3xk.cloudfront.net/amalfipizza.com.au/rowville/uploads/Amalfi_Deal_6.png]
[d2ova09jg8x3xk.cloudfront.net/amalfipizza.com.au/rowville/uploads/Amalfi_Deal_7.png]
[d2ova09jg8x3xk.cloudfront.net/amalfipizza.com.au/rowville/uploads/Amalfi_Bolognese.png]
[d2ova09jg8x3xk.cloudfront.net/amalfipizza.com.au/rowville/uploads/Amalfi_Napolitana.png]
[d2ova09jg8x3xk.cloudfront.net/amalfipizza.com.au/rowville/uploads/Amalfi_Matriciana.png]
[d2ova09jg8x3xk.cloudfront.net/amalfipizza.com.au/rowville/uploads/Amalfi_Pollo_Funghi.png]
[d2ova09jg8x3xk.cloudfront.net/amalfipizza.com.au/rowville/uploads/Amalfi_Carbonara.png]
[d2ova09jg8x3xk.cloudfront.net/amalfipizza.com.au/rowville/uploads/Amalfi_Calabrese.png]
[d2ova09jg8x3xk.cloudfront.net/amalfipizza.com.au/rowville/uploads/Amalfi_Beef_Lasagne.png]
[d2ova09jg8x3xk.cloudfront.net/amalfipizza.com.au/rowville/uploads/Amalfi_Marinara__Seafood_.png]
[d2ova09jg8x3xk.cloudfront.net/amalfipizza.com.au/rowville/uploads/Amalfi_Deal_8.png]
[d2ova09jg8x3xk.cloudfront.net/amalfipizza.com.au/rowville/uploads/Amalfi_HalfHalf.png]
[deliverit-online-resources-prd.s3.ap-southeast-2.amazonaws.com/templates/template4/img/first_half.png]
[deliverit-online-resources-prd.s3.ap-southeast-2.amazonaws.com/templates/template4/img/second_half.png]
[d2ova09jg8x3xk.cloudfront.net/amalfipizza.com.au/rowville/uploads/Amalfi_Cadbury_1.2L_Ice_Cream.png]
[d2ova09jg8x3xk.cloudfront.net/amalfipizza.com.au/rowville/uploads/Amalfi_Tempura_Nuggets.png]
[d2ova09jg8x3xk.cloudfront.net/amalfipizza.com.au/rowville/uploads/Amalfi_Meat_Lover_Calzone.png]
[d2ova09jg8x3xk.cloudfront.net/amalfipizza.com.au/rowville/uploads/Amalfi_Il_Amalfi_Calzone.png]
[d2ova09jg8x3xk.cloudfront.net/amalfipizza.com.au/rowville/uploads/Amalfi_Bolognese_Calzone.png]
[d2ova09jg8x3xk.cloudfront.net/amalfipizza.com.au/rowville/uploads/Amalfi_Vege_Delight_Calzone.png]
[d2ova09jg8x3xk.cloudfront.net/amalfipizza.com.au/rowville/uploads/Amalfi_Chicken_Schnitzel.png]
[d2ova09jg8x3xk.cloudfront.net/amalfipizza.com.au/rowville/uploads/Amalfi_Standard_Chicken_Parmigiana.png]
[d2ova09jg8x3xk.cloudfront.net/amalfipizza.com.au/rowville/uploads/Amalfi_Mexican_Chicken_Parmigiana.png]
[d2ova09jg8x3xk.cloudfront.net/amalfipizza.com.au/rowville/uploads/Amalfi_Hawaiian_Chicken_Parmigiana.png]
[d2ova09jg8x3xk.cloudfront.net/amalfipizza.com.au/rowville/uploads/Amalfi_Bolognese_Chicken_Parmigiana.png]
[d2ova09jg8x3xk.cloudfront.net/amalfipizza.com.au/rowville/uploads/Amalfi_Spanish_Chicken_Parmigiana.png]
[d2ova09jg8x3xk.cloudfront.net/amalfipizza.com.au/rowville/uploads/Amalfi_Ribs.png]
[d2ova09jg8x3xk.cloudfront.net/amalfipizza.com.au/rowville/uploads/Amalfi_Italian_Salad.png]
[d2ova09jg8x3xk.cloudfront.net/amalfipizza.com.au/rowville/uploads/Amalfi_Greek_Salad.png]
[d2ova09jg8x3xk.cloudfront.net/amalfipizza.com.au/rowville/uploads/Amalfi_Caesar_Salad.png]
[d2ova09jg8x3xk.cloudfront.net/amalfipizza.com.au/rowville/uploads/Amalfi_Chicken_Salad.png]
[d2ova09jg8x3xk.cloudfront.net/amalfipizza.com.au/rowville/uploads/Amalfi_Cheese_Garlic_Pizza.png]
[d2ova09jg8x3xk.cloudfront.net/amalfipizza.com.au/rowville/uploads/Amalfi_Chicken_Wings.png]
[d2ova09jg8x3xk.cloudfront.net/amalfipizza.com.au/rowville/uploads/Amalfi_Cheesy_Sticks.png]
[d2ova09jg8x3xk.cloudfront.net/amalfipizza.com.au/rowville/uploads/Amalfi_Jalapeno_Bites.png]
[d2ova09jg8x3xk.cloudfront.net/amalfipizza.com.au/rowville/uploads/Amalfi_Mac_n_Cheese_Bites.png]
[d2ova09jg8x3xk.cloudfront.net/amalfipizza.com.au/rowville/uploads/Amalfi_Potato_Wedges.png]
[d2ova09jg8x3xk.cloudfront.net/amalfipizza.com.au/rowville/uploads/Amalfi_Garlic_Bread_Roll.png]
[d2ova09jg8x3xk.cloudfront.net/amalfipizza.com.au/rowville/uploads/Amalfi_Scalloped_Potato.png]
[d2ova09jg8x3xk.cloudfront.net/amalfipizza.com.au/rowville/uploads/Amalfi_Chips.png]
[d2ova09jg8x3xk.cloudfront.net/amalfipizza.com.au/rowville/uploads/Amalfi_Onion_Rings__10_Pieces_.png]
[d2ova09jg8x3xk.cloudfront.net/amalfipizza.com.au/rowville/uploads/Amalfi_Chocolate_Mousse.png]
[d2ova09jg8x3xk.cloudfront.net/amalfipizza.com.au/rowville/uploads/Amalfi_Donut_Fries.png]
[d2ova09jg8x3xk.cloudfront.net/amalfipizza.com.au/rowville/uploads/Amalfi_Maxibon_Ice_Cream.png]
[d2ova09jg8x3xk.cloudfront.net/amalfipizza.com.au/rowville/uploads/Amalfi_Cadbury_Ice_Cream_Stick.png]
[d2ova09jg8x3xk.cloudfront.net/amalfipizza.com.au/rowville/uploads/Amalfi_Cadbury_460mL_Ice_Cream.png]
[d2ova09jg8x3xk.cloudfront.net/amalfipizza.com.au/rowville/uploads/Amalfi_Connoisseur_Ice_Cream_Stick.png]
[d2ova09jg8x3xk.cloudfront.net/amalfipizza.com.au/rowville/uploads/Amalfi_Connoisseur_470mL_Ice_Cream.png]
[d2ova09jg8x3xk.cloudfront.net/amalfipizza.com.au/rowville/uploads/Amalfi_Connoisseur_1L_Ice_Cream.png]
[d2ova09jg8x3xk.cloudfront.net/amalfipizza.com.au/rowville/uploads/Amalfi_Drumstick_Ice_Cream.png]
[d2ova09jg8x3xk.cloudfront.net/amalfipizza.com.au/rowville/uploads/Amalfi_Gelato_500mL.png]
[d2ova09jg8x3xk.cloudfront.net/amalfipizza.com.au/rowville/uploads/Amalfi_Lifesavers_Stick.png]
[d2ova09jg8x3xk.cloudfront.net/amalfipizza.com.au/rowville/uploads/Amalfi_1.1L_Lemonade_-_Zero_Sugar.png]
[d2ova09jg8x3xk.cloudfront.net/amalfipizza.com.au/rowville/uploads/Amalfi_Solo_Lemon_1.25L_-_Zero_Sugar.png]
[d2ova09jg8x3xk.cloudfront.net/amalfipizza.com.au/rowville/uploads/Amalfi_Sunkist_1.25L_-_Zero_Sugar.png]
[d2ova09jg8x3xk.cloudfront.net/amalfipizza.com.au/rowville/uploads/Amalfi_375mL_Can.png]
[d2ova09jg8x3xk.cloudfront.net/amalfipizza.com.au/rowville/uploads/Amalfi_Water_600mL.png]
[d2ova09jg8x3xk.cloudfront.net/amalfipizza.com.au/rowville/uploads/Amalfi_250mL_Red_Bull.png]
[amalfipizza.com.au/core/mybasket.html]
[amalfipizza.com.au/core/view_customer_details.html]
[amalfipizza.com.au/images/ajax-loader.gif]
[amalfipizza.com.au/core/ajax/get_halfhalf_selections_popup02c4.html]
[amalfipizza.com.au/index91d2.html]
[amalfipizza.com.au/core/ajax/add_half_half.html]
[amalfipizza.com.au/core/ajax/add_special.json]
[deliverit-vhosts.s3-ap-southeast-2.amazonaws.com/amalfipizza.com.au/niddrie/uploads/download-app2.png]
[d2ova09jg8x3xk.cloudfront.net/amalfipizza.com.au/albury/uploads/allergen.png]
[deliverit-online-resources-prd.s3.ap-southeast-2.amazonaws.com/templates/template4/img/new_footer/small/mastercard.png]
[deliverit-online-resources-prd.s3.ap-southeast-2.amazonaws.com/templates/template4/img/new_footer/small/visa.png]
[deliverit-online-resources-prd.s3.ap-southeast-2.amazonaws.com/templates/template4/img/new_footer/small/paypal.png]
[deliverit-online-resources-prd.s3.ap-southeast-2.amazonaws.com/templates/template4/img/new_footer/small/logo-localserves.png]
[deliverit-online-resources-prd.s3.ap-southeast-2.amazonaws.com/templates/template4/img/new_footer/small/logo-new.png]
[deliverit-online-resources-prd.s3.ap-southeast-2.amazonaws.com/templates/template4/img/new_footer/small/facebook.png]
[deliverit-online-resources-prd.s3.ap-southeast-2.amazonaws.com/templates/template4/img/new_footer/small/android.png]
[deliverit-online-resources-prd.s3.ap-southeast-2.amazonaws.com/templates/template4/img/new_footer/small/ios.png]
[amalfipizza.com.au/index.html]
[amalfipizza.com.au/core/index.html]
[amalfipizza.com.au/images/startup.html]
[cdn4.iconfinder.com/data/icons/mayssam/512/1355337.png]
[deliverit-online-resources-prd.s3.ap-southeast-2.amazonaws.com/templates/template4/images/closed.png]
[deliverit-online-resources-prd.s3.ap-southeast-2.amazonaws.com/templates/template4/img/check_desktop.png]
[deliverit-online-resources-prd.s3.ap-southeast-2.amazonaws.com/templates/template4/img/circle-outline_desktop.png]
[deliverit-online-resources-prd.s3.ap-southeast-2.amazonaws.com/templates/template4/img/circle_desktop.png]
[csscheckbox.com/checkboxes/dark-check-green.png]
[deliverit-online-resources-prd.s3.ap-southeast-2.amazonaws.com/templates/template4/css/all.css]
[deliverit-online-resources-prd.s3.ap-southeast-2.amazonaws.com/templates/template4/images/close.png]
[deliverit-online-resources-prd.s3.ap-southeast-2.amazonaws.com/templates/template4/img/facebook-16.png]
[deliverit-online-resources-prd.s3.ap-southeast-2.amazonaws.com/templates/template4/img/google-g-logo-white_small.png]
[deliverit-online-resources-prd.s3.ap-southeast-2.amazonaws.com/templates/template4/css/style.css]
[deliverit-online-resources-prd.s3.ap-southeast-2.amazonaws.com/templates/template4/img/landing.png]
[deliverit-online-resources-prd.s3.ap-southeast-2.amazonaws.com/templates/template4/img/about.jpg]
[deliverit-online-resources-prd.s3.ap-southeast-2.amazonaws.com/templates/template4/img/selectStoreBg.png]
[deliverit-online-resources-prd.s3.ap-southeast-2.amazonaws.com/templates/template4/css/platina.css]
[deliverit-online-resources-prd.s3.ap-southeast-2.amazonaws.com/templates/template4/css/font-awesome.min.css]
[deliverit-online-resources-prd.s3.ap-southeast-2.amazonaws.com/templates/template4/css/login-v2.css]
[d2ova09jg8x3xk.cloudfront.net/amalfipizza.com.au/rowville/uploads/bgheader.jpg]
[d2ova09jg8x3xk.cloudfront.net/amalfipizza.com.au/rowville/uploads/bg-default.jpg]
[d2ova09jg8x3xk.cloudfront.net/amalfipizza.com.au/rowville/themes_oo.css]
[cdnjs.cloudflare.com/ajax/libs/select2/4.0.3/css/select2.min.css]
[cdn.jsdelivr.net/npm/@splidejs/splide@latest/dist/css/splide.min.css]
[cdn.jsdelivr.net/npm/@splidejs/splide@latest/dist/css/themes/splide-sea-green.min.css]
[deliverit-online-resources-prd.s3.ap-southeast-2.amazonaws.com/templates/template4/scripts/autocomplete.css]
[deliverit-online-resources-prd.s3.ap-southeast-2.amazonaws.com/templates/template4/scripts/fancybox/fancybox.png]
[deliverit-online-resources-prd.s3.ap-southeast-2.amazonaws.com/templates/template4/scripts/fancybox/blank.gif]
[deliverit-online-resources-prd.s3.ap-southeast-2.amazonaws.com/templates/template4/scripts/fancybox/fancybox-x.png]
[deliverit-online-resources-prd.s3.ap-southeast-2.amazonaws.com/templates/template4/scripts/fancybox/fancybox-y.png]
[deliverit-online-resources-prd.s3.ap-southeast-2.amazonaws.com/templates/template4/scripts/fancybox/fancy_title_over.png]
[deliverit-online-resources-prd.s3.ap-southeast-2.amazonaws.com/templates/template4/scripts/fancybox/jquery.fancybox-1.3.4.css]
[deliverit-online-resources-prd.s3.ap-southeast-2.amazonaws.com/templates/template4/scripts/select2/dist/css/select2.min.css]
[amalfipizza.com.au/core/ajax/get_ip.html]
[amalfipizza.com.au/est-time-icon.html]
[amalfipizza.com.au/est-time-icon-white.html]
[amalfipizza.com.au/api/getmenu.html]
[amalfipizza.com.au/index994a.html]
[amalfipizza.com.au/index4a25.html]
[amalfipizza.com.au/window.location.html]
[amalfipizza.com.au/index11bd.html]
[amalfipizza.com.au/cdn-cgi/l/email-protection.html]
[amalfipizza.com.au/index8a5f.html]
[amalfipizza.com.au/index1b80.html]
[amalfipizza.com.au/cdn-cgi/scripts/5c5dd728/cloudflare-static/email-decode.min.js]
[amalfipizza.com.au/index2af7.html]
[amalfipizza.com.au/core/ajax/get_cart_totala54e.html]
[d2ova09jg8x3xk.cloudfront.net/amalfipizza.com.au/rowville/images/ajax-loader.gif]
[amalfipizza.com.au/core/core/mybasket.dc.delayed]
[amalfipizza.com.au/core/mybasket.html]
[amalfipizza.com.au/index91d2.html]
[amalfipizza.com.au/core/view_customer_details.html]
[amalfipizza.com.au/images/ajax-loader.html]
[amalfipizza.com.au/core/ajax/get_halfhalf_selections_popup02c4.html]
[amalfipizza.com.au/core/ajax/add_half_half.html]
[d2ova09jg8x3xk.cloudfront.net/amalfipizza.com.au/wendouree/images/img6.png]
[d2ova09jg8x3xk.cloudfront.net/amalfipizza.com.au/wendouree/images/img7.png]
[d2ova09jg8x3xk.cloudfront.net/amalfipizza.com.au/wendouree/images/img8.png]
[d2ova09jg8x3xk.cloudfront.net/amalfipizza.com.au/wendouree/images/img9.png]
[d2ova09jg8x3xk.cloudfront.net/amalfipizza.com.au/wendouree/images/menu1.png]
[deliverit-online-resources-prd.s3.ap-southeast-2.amazonaws.com/templates/template4/css/indicator.gif]
[deliverit-online-resources-prd.s3.ap-southeast-2.amazonaws.com/templates/template4/images/open.png]
[deliverit-online-resources-prd.s3.ap-southeast-2.amazonaws.com/templates/template4/images/organic-pizza.png]
[deliverit-online-resources-prd.s3.ap-southeast-2.amazonaws.com/templates/template4/scripts/indicator.gif]
[deliverit-online-resources-prd.s3.ap-southeast-2.amazonaws.com/templates/template4/scripts/fancybox/fancybox/fancy_close.png]
[deliverit-online-resources-prd.s3.ap-southeast-2.amazonaws.com/templates/template4/scripts/fancybox/fancybox/fancy_nav_left.png]
[deliverit-online-resources-prd.s3.ap-southeast-2.amazonaws.com/templates/template4/scripts/fancybox/fancybox/fancy_nav_right.png]
[deliverit-online-resources-prd.s3.ap-southeast-2.amazonaws.com/templates/template4/scripts/fancybox/fancybox/fancy_title_over.png]
[deliverit-online-resources-prd.s3.ap-southeast-2.amazonaws.com/templates/template4/scripts/fancybox/fancybox/fancy_title_left.png]
[deliverit-online-resources-prd.s3.ap-southeast-2.amazonaws.com/templates/template4/scripts/fancybox/fancybox/fancy_title_main.png]
[deliverit-online-resources-prd.s3.ap-southeast-2.amazonaws.com/templates/template4/scripts/fancybox/fancybox/fancy_title_right.png]
[deliverit-online-resources-prd.s3.ap-southeast-2.amazonaws.com/templates/template4/scripts/fancybox/fancybox/fancy_loading.png]
[deliverit-online-resources-prd.s3.ap-southeast-2.amazonaws.com/templates/template4/scripts/fancybox/fancybox/fancy_shadow_n.png]
[deliverit-online-resources-prd.s3.ap-southeast-2.amazonaws.com/templates/template4/scripts/fancybox/fancybox/fancy_shadow_ne.png]
[deliverit-online-resources-prd.s3.ap-southeast-2.amazonaws.com/templates/template4/scripts/fancybox/fancybox/fancy_shadow_e.png]
[deliverit-online-resources-prd.s3.ap-southeast-2.amazonaws.com/templates/template4/scripts/fancybox/fancybox/fancy_shadow_se.png]
[deliverit-online-resources-prd.s3.ap-southeast-2.amazonaws.com/templates/template4/scripts/fancybox/fancybox/fancy_shadow_s.png]
[deliverit-online-resources-prd.s3.ap-southeast-2.amazonaws.com/templates/template4/scripts/fancybox/fancybox/fancy_shadow_sw.png]
[deliverit-online-resources-prd.s3.ap-southeast-2.amazonaws.com/templates/template4/scripts/fancybox/fancybox/fancy_shadow_w.png]
[deliverit-online-resources-prd.s3.ap-southeast-2.amazonaws.com/templates/template4/scripts/fancybox/fancybox/fancy_shadow_nw.png]
[amalfipizza.com.au/cdn-cgi/l/email-protection.html]
[amalfipizza.com.au/core/core/mybasket.html]
[amalfipizza.com.au/core/view_customer_details5759.html]
[amalfipizza.com.au/core/view_customer_details5759.html]
